cat_staten04.scaffold
file: cat_staten04
[Scaffold.makefile] Inserting reverse function signatures
python ../ScaffCC/scaffold/insert_reverse.py cat_staten04_merged.scaffold
[Scaffold.makefile] Compiling cat_staten04_merged_reverse_insert.scaffold ...
[Scaffold.makefile] Transforming cbits ...
[Scaffold.makefile] Unrolling Loops (1) ...
[Scaffold.makefile] Cloning Functions (1) ...
[Scaffold.makefile] Dead Argument Elimination (1) ...
[Scaffold.makefile] Unrolling Loops (2) ...
[Scaffold.makefile] Cloning Functions (2) ...
[Scaffold.makefile] Dead Argument Elimination (2) ...
[Scaffold.makefile] Unrolling Loops (3) ...
[Scaffold.makefile] Cloning Functions (3) ...
[Scaffold.makefile] Dead Argument Elimination (3) ...
[Scaffold.makefile] Rotation tool not built, skipping rotation decomposition ...
[Scaffold.makefile] Internalizing and Removing Unused Functions ...
[Scaffold.makefile] Inserting Reverse Functions...
[Scaffold.makefile] Flattening modules ...
[Scaffold.makefile] Generating OpenQASM ...
[Scaffold.makefile] OpenQASM written to cat_staten04.qasm ...
